// Jest Snapshot v1, https://goo.gl/fbAQLP

exports[`Should render edit page correctly 1`] = `
<div>
  <div
    className="page-header"
  >
    <div
      className="content-container"
    >
      <h1
        className="page-header__title"
      >
        Edit Expense
      </h1>
    </div>
  </div>
  <div
    className="content-container"
  >
    <ExpenseForm
      expense={
        Object {
          "amount": 200,
          "createdAt": 345600000,
          "description": "def",
          "id": "2",
          "note": "",
        }
      }
      onSubmit={[Function]}
    />
    <button
      className="button-partial--remove"
      onClick={[Function]}
    >
      Remove expense
    </button>
  </div>
</div>
`;

exports[`Should render edit page correctly with passed data 1`] = `
<div>
  <div
    className="page-header"
  >
    <div
      className="content-container"
    >
      <h1
        className="page-header__title"
      >
        Edit Expense
      </h1>
    </div>
  </div>
  <div
    className="content-container"
  >
    <ExpenseForm
      expense={
        Object {
          "amount": 200,
          "createdAt": 345600000,
          "description": "def",
          "id": "2",
          "note": "",
        }
      }
      onSubmit={[Function]}
    />
    <button
      className="button-partial--remove"
      onClick={[Function]}
    >
      Remove expense
    </button>
  </div>
</div>
`;
